// Jest Snapshot v1, https://goo.gl/fbAQLP

exports[`App Component deve renderizar App sem erros 1`] = `null`;
